// Jest Snapshot v1, https://goo.gl/fbAQLP

exports[`testing homepage rendering components 1`] = `[Function]`;
